Hello from the choochoos kernel!
Created: 3
Created: 4
MyTid=5 MyParentTid=2
MyTid=5 MyParentTid=2
Created: 5
MyTid=5 MyParentTid=2
MyTid=5 MyParentTid=2
Created: 5
FirstUserTask: exiting
MyTid=3 MyParentTid=2
MyTid=4 MyParentTid=2
MyTid=3 MyParentTid=2
MyTid=4 MyParentTid=2
Goodbye from choochoos kernel!
