Hello from the choochoos kernel!
Created: 2
Created: 3
MyTid=4 MyParentTid=0
MyTid=4 MyParentTid=0
Created: 4
MyTid=4 MyParentTid=0
MyTid=4 MyParentTid=0
Created: 4
FirstUserTask: exiting
MyTid=2 MyParentTid=0
MyTid=3 MyParentTid=0
MyTid=2 MyParentTid=0
MyTid=3 MyParentTid=0
Goodbye from choochoos kernel!
