Hello from the choochoos kernel!
[Client 4] I want to play 3 games. Sending signup...
[Client 3] I want to play 5 games. Sending signup...
[Client 2] I want to play 3 games. Sending signup...
[RPSServer] matching tids 3 and 4
[Client 3] received signup ack
[Client 3] I want to play 5 more games. Sending scissors...
[Client 4] received signup ack
[Client 4] I want to play 3 more games. Sending paper...
[Client 3] I won!
[Client 3] I want to play 4 more games. Sending paper...
[Client 4] I lost :(
[Client 4] I want to play 2 more games. Sending rock...
~~~~~~~~~~~~~~~~~~~~~~~~~~~~~~~~~~~~~~~~~~~~
[Client 3] I won!
[Client 3] I want to play 3 more games. Sending rock...
[Client 4] I lost :(
[Client 4] I want to play 1 more game. Sending rock...
~~~~~~~~~~~~~~~~~~~~~~~~~~~~~~~~~~~~~~~~~~~~
[Client 3] it's a draw
[Client 3] I want to play 2 more games. Sending rock...
[Client 4] it's a draw
[Client 4] sending quit
~~~~~~~~~~~~~~~~~~~~~~~~~~~~~~~~~~~~~~~~~~~~
[RPSServer] tid 4 quit, but tid 2 is waiting. Matching tids 3 and 2
[Client 2] received signup ack
[Client 2] I want to play 3 more games. Sending scissors...
[Client 4] exiting
[Client 3] I won!
[Client 3] I want to play 1 more game. Sending scissors...
[Client 2] I lost :(
[Client 2] I want to play 2 more games. Sending rock...
~~~~~~~~~~~~~~~~~~~~~~~~~~~~~~~~~~~~~~~~~~~~
[Client 3] I lost :(
[Client 3] sending quit
[Client 2] I won!
[Client 2] I want to play 1 more game. Sending paper...
~~~~~~~~~~~~~~~~~~~~~~~~~~~~~~~~~~~~~~~~~~~~
[RPSServer] tid 3 quit, but no players are waiting.
[Client 3] exiting
[Client 2] other player quit, time to go home
Goodbye from choochoos kernel!
