Hello from the choochoos kernel!
[32m[tid=4] [0mI want to play 3 games. Sending signup...
[32m[tid=3] [0mI want to play 5 games. Sending signup...
[32m[tid=2] [0mI want to play 3 games. Sending signup...
[32m[tid=1] [0mRPSServer: matching tids 3 and 4
[32m[tid=3] [0mreceived signup ack
[32m[tid=3] [0mI want to play 5 more games. Sending scissors...
[32m[tid=4] [0mreceived signup ack
[32m[tid=4] [0mI want to play 3 more games. Sending paper...
[32m[tid=3] [0mI won!
[32m[tid=3] [0mI want to play 4 more games. Sending paper...
[32m[tid=4] [0mI lost :(
[32m[tid=4] [0mI want to play 2 more games. Sending rock...
[32m[tid=1] [0m~~~~~~~~~~~~~~~~~~~~~~~~~~~~~~~~~~~~~~~~~~~~
[32m[tid=3] [0mI won!
[32m[tid=3] [0mI want to play 3 more games. Sending rock...
[32m[tid=4] [0mI lost :(
[32m[tid=4] [0mI want to play 1 more game. Sending rock...
[32m[tid=1] [0m~~~~~~~~~~~~~~~~~~~~~~~~~~~~~~~~~~~~~~~~~~~~
[32m[tid=3] [0mit's a draw
[32m[tid=3] [0mI want to play 2 more games. Sending rock...
[32m[tid=4] [0mit's a draw
[32m[tid=4] [0msending quit
[32m[tid=1] [0m~~~~~~~~~~~~~~~~~~~~~~~~~~~~~~~~~~~~~~~~~~~~
[32m[tid=1] [0mRPSServer: tid 4 quit, but tid 2 is waiting. Matching tids 3 and 2
[32m[tid=2] [0mreceived signup ack
[32m[tid=2] [0mI want to play 3 more games. Sending scissors...
[32m[tid=4] [0mexiting
[32m[tid=3] [0mI won!
[32m[tid=3] [0mI want to play 1 more game. Sending scissors...
[32m[tid=2] [0mI lost :(
[32m[tid=2] [0mI want to play 2 more games. Sending rock...
[32m[tid=1] [0m~~~~~~~~~~~~~~~~~~~~~~~~~~~~~~~~~~~~~~~~~~~~
[32m[tid=3] [0mI lost :(
[32m[tid=3] [0msending quit
[32m[tid=2] [0mI won!
[32m[tid=2] [0mI want to play 1 more game. Sending paper...
[32m[tid=1] [0m~~~~~~~~~~~~~~~~~~~~~~~~~~~~~~~~~~~~~~~~~~~~
[32m[tid=1] [0mRPSServer: tid 3 quit, but no players are waiting
[32m[tid=3] [0mexiting
[32m[tid=2] [0mother player quit, time to go home
Goodbye from choochoos kernel!
